<html>
<body>
<pre>
<h1>µVision Build Log</h1>
<h2>Project:</h2>
C:\Keil\ARM\Examples\Measure\keil_workouts\project\mini_.uvproj
Project File Date:  11/13/2025

<h2>Output:</h2>
Rebuild target 'Target 1'
assembling Startup.s...
compiling main.c...
main.c(2): error:  #169: expected a declaration
main.c(7): error:  #20: identifier "IODIR0" is undefined
main.c(10): warning:  #1-D: last line of file ends without a newline
Target not created
Rebuild target 'Target 1'
assembling Startup.s...
compiling main.c...
main.c(2): error:  #169: expected a declaration
main.c(7): error:  #20: identifier "IODIR" is undefined
main.c(10): warning:  #1-D: last line of file ends without a newline
Target not created
Rebuild target 'Target 1'
assembling Startup.s...
compiling main.c...
main.c(3): error:  #169: expected a declaration
main.c(11): warning:  #1-D: last line of file ends without a newline
Target not created
Rebuild target 'Target 1'
assembling Startup.s...
compiling main.c...
main.c(3): error:  #169: expected a declaration
Target not created
Rebuild target 'Target 1'
assembling Startup.s...
compiling main.c...
main.c(3): error:  #169: expected a declaration
Target not created
Rebuild target 'Target 1'
assembling Startup.s...
compiling main.c...
main.c(3): error:  #169: expected a declaration
Target not created
Rebuild target 'Target 1'
assembling Startup.s...
compiling main.c...
main.c(3): error:  #169: expected a declaration
Target not created
Rebuild target 'Target 1'
assembling Startup.s...
compiling main.c...
linking...
Program Size: Code=760 RO-data=16 RW-data=0 ZI-data=1256  
FromELF: creating hex file...
"mini_.axf" - 0 Error(s), 0 Warning(s).
Rebuild target 'Target 1'
assembling Startup.s...
compiling main.c...
linking...
Program Size: Code=760 RO-data=16 RW-data=0 ZI-data=1256  
FromELF: creating hex file...
"mini_.axf" - 0 Error(s), 0 Warning(s).
Rebuild target 'Target 1'
assembling Startup.s...
compiling main.c...
main.c(2): error:  #5: cannot open source input file "header.h": No such file or directory
compiling uart_lcd_Test.c...
uart_lcd_Test.c(1): error:  #5: cannot open source input file "header_test.h": No such file or directory
Target not created
Rebuild target 'Target 1'
assembling Startup.s...
compiling main.c...
header.h(2): warning:  #1295-D: Deprecated declaration lcd_config - give arg types
header.h(4): warning:  #1-D: last line of file ends without a newline
main.c(10): warning:  #223-D: function "lcd_cofig" declared implicitly
compiling uart_lcd_Test.c...
uart_lcd_Test.c(1): error:  #5: cannot open source input file "header_test.h": No such file or directory
Target not created
Rebuild target 'Target 1'
assembling Startup.s...
compiling main.c...
header.h(2): warning:  #1295-D: Deprecated declaration lcd_config - give arg types
header.h(4): warning:  #1-D: last line of file ends without a newline
compiling uart_lcd_Test.c...
uart_lcd_Test.c(1): error:  #5: cannot open source input file "header_test.h": No such file or directory
Target not created
Rebuild target 'Target 1'
assembling Startup.s...
compiling main.c...
header.h(2): warning:  #1295-D: Deprecated declaration lcd_config - give arg types
header.h(4): warning:  #1-D: last line of file ends without a newline
compiling uart_lcd_Test.c...
uart_lcd_Test.c(1): error:  #5: cannot open source input file "header_test.h": No such file or directory
Target not created
Rebuild target 'Target 1'
assembling Startup.s...
compiling main.c...
header.h(2): warning:  #1295-D: Deprecated declaration lcd_config - give arg types
header.h(4): warning:  #1-D: last line of file ends without a newline
compiling uart_lcd_Test.c...
header.h(2): warning:  #1295-D: Deprecated declaration lcd_config - give arg types
header.h(4): warning:  #1-D: last line of file ends without a newline
uart_lcd_Test.c(8): error:  #147-D: declaration is incompatible with "void delay(int)" (declared at line 1 of "header.h")
Target not created
Rebuild target 'Target 1'
assembling Startup.s...
compiling main.c...
header.h(4): warning:  #1-D: last line of file ends without a newline
compiling uart_lcd_Test.c...
header.h(4): warning:  #1-D: last line of file ends without a newline
uart_lcd_Test.c(8): error:  #147-D: declaration is incompatible with "void delay(int)" (declared at line 1 of "header.h")
Target not created
Rebuild target 'Target 1'
assembling Startup.s...
compiling main.c...
header.h(4): warning:  #1-D: last line of file ends without a newline
compiling uart_lcd_Test.c...
header.h(4): warning:  #1-D: last line of file ends without a newline
linking...
Program Size: Code=1076 RO-data=16 RW-data=0 ZI-data=1256  
FromELF: creating hex file...
"mini_.axf" - 0 Error(s), 2 Warning(s).
Rebuild target 'Target 1'
assembling Startup.s...
compiling main.c...
compiling uart_lcd_Test.c...
linking...
Program Size: Code=1076 RO-data=16 RW-data=0 ZI-data=1256  
FromELF: creating hex file...
"mini_.axf" - 0 Error(s), 0 Warning(s).
Rebuild target 'Target 1'
assembling Startup.s...
compiling main.c...
compiling uart_lcd_Test.c...
linking...
Program Size: Code=1076 RO-data=16 RW-data=0 ZI-data=1256  
FromELF: creating hex file...
"mini_.axf" - 0 Error(s), 0 Warning(s).
Rebuild target 'Target 1'
assembling Startup.s...
compiling main.c...
compiling uart_lcd_Test.c...
linking...
Program Size: Code=1076 RO-data=16 RW-data=0 ZI-data=1256  
FromELF: creating hex file...
"mini_.axf" - 0 Error(s), 0 Warning(s).
Rebuild target 'Target 1'
assembling Startup.s...
compiling main.c...
compiling uart_lcd_Test.c...
linking...
Program Size: Code=1076 RO-data=16 RW-data=0 ZI-data=1256  
FromELF: creating hex file...
"mini_.axf" - 0 Error(s), 0 Warning(s).
Rebuild target 'Target 1'
assembling Startup.s...
compiling main.c...
main.c(6): warning:  #223-D: function "i2c_init" declared implicitly
compiling uart_lcd_Test.c...
compiling I2C.c...
I2C.c(3): error:  #20: identifier "I2DAT" is undefined
I2C.c(4): error:  #20: identifier "I2CONSET" is undefined
I2C.c(11): error:  #20: identifier "I2CONSET" is undefined
I2C.c(12): error:  #20: identifier "I2CONCLR" is undefined
I2C.c(20): error:  #20: identifier "I2CONSET" is undefined
I2C.c(21): error:  #20: identifier "I2CONCLR" is undefined
I2C.c(23): error:  #118: a void function may not return a value
I2C.c(27): error:  #20: identifier "IOCONSET" is undefined
I2C.c(28): error:  #20: identifier "IOCONCLR" is undefined
I2C.c(33): error:  #20: identifier "I2CONSET" is undefined
I2C.c(35): error:  #20: identifier "I2CONCLR" is undefined
I2C.c(39): error:  #20: identifier "PINSEL0" is undefined
I2C.c(40): error:  #20: identifier "I2CLL" is undefined
I2C.c(41): error:  #20: identifier "I2CLH" is undefined
I2C.c(42): error:  #20: identifier "IOCONSET" is undefined
Target not created
Rebuild target 'Target 1'
assembling Startup.s...
compiling main.c...
compiling uart_lcd_Test.c...
compiling I2C.c...
I2C.c(2): error:  #147-D: declaration is incompatible with "void i2c_write(void)" (declared at line 8 of "header.h")
I2C.c(4): error:  #20: identifier "I2DAT" is undefined
I2C.c(5): error:  #20: identifier "I2CONSET" is undefined
I2C.c(12): error:  #20: identifier "I2CONSET" is undefined
I2C.c(13): error:  #20: identifier "I2CONCLR" is undefined
I2C.c(21): error:  #20: identifier "I2CONSET" is undefined
I2C.c(22): error:  #20: identifier "I2CONCLR" is undefined
I2C.c(24): error:  #118: a void function may not return a value
I2C.c(28): error:  #20: identifier "IOCONSET" is undefined
I2C.c(29): error:  #20: identifier "IOCONCLR" is undefined
I2C.c(34): error:  #20: identifier "I2CONSET" is undefined
I2C.c(36): error:  #20: identifier "I2CONCLR" is undefined
I2C.c(40): error:  #20: identifier "PINSEL0" is undefined
I2C.c(41): error:  #20: identifier "I2CLL" is undefined
I2C.c(42): error:  #20: identifier "I2CLH" is undefined
I2C.c(43): error:  #20: identifier "IOCONSET" is undefined
Target not created
Rebuild target 'Target 1'
assembling Startup.s...
compiling main.c...
compiling uart_lcd_Test.c...
compiling I2C.c...
I2C.c(3): error:  #147-D: declaration is incompatible with "void i2c_write(void)" (declared at line 8 of "header.h")
I2C.c(25): error:  #118: a void function may not return a value
I2C.c(29): error:  #20: identifier "IOCONSET" is undefined
I2C.c(30): error:  #20: identifier "IOCONCLR" is undefined
I2C.c(42): error:  #20: identifier "I2CLL" is undefined
I2C.c(43): error:  #20: identifier "I2CLH" is undefined
I2C.c(44): error:  #20: identifier "IOCONSET" is undefined
Target not created
Rebuild target 'Target 1'
assembling Startup.s...
compiling main.c...
compiling uart_lcd_Test.c...
compiling I2C.c...
I2C.c(3): error:  #147-D: declaration is incompatible with "void i2c_write(void)" (declared at line 8 of "header.h")
I2C.c(25): error:  #118: a void function may not return a value
I2C.c(29): error:  #20: identifier "IOCONSET" is undefined
I2C.c(30): error:  #20: identifier "IOCONCLR" is undefined
I2C.c(42): error:  #20: identifier "I2CLL" is undefined
I2C.c(43): error:  #20: identifier "I2CLH" is undefined
I2C.c(44): error:  #20: identifier "IOCONSET" is undefined
Target not created
Rebuild target 'Target 1'
assembling Startup.s...
compiling main.c...
compiling uart_lcd_Test.c...
compiling I2C.c...
I2C.c(3): error:  #147-D: declaration is incompatible with "void i2c_write(void)" (declared at line 8 of "header.h")
I2C.c(25): error:  #118: a void function may not return a value
Target not created
Rebuild target 'Target 1'
assembling Startup.s...
compiling main.c...
compiling uart_lcd_Test.c...
compiling I2C.c...
I2C.c(25): error:  #118: a void function may not return a value
Target not created
Rebuild target 'Target 1'
assembling Startup.s...
compiling main.c...
compiling uart_lcd_Test.c...
compiling I2C.c...
compiling eeprom.c...
eeprom.c(3): error:  #147-D: declaration is incompatible with "void data_send(unsigned char, unsigned char, unsigned char)" (declared at line 15 of "header.h")
eeprom.c(9): warning:  #174-D: expression has no effect
eeprom.c(12): error:  #147-D: declaration is incompatible with "unsigned char data_read(unsigned char, unsigned char)" (declared at line 16 of "header.h")
eeprom.c(23): warning:  #1-D: last line of file ends without a newline
Target not created
Rebuild target 'Target 1'
assembling Startup.s...
compiling main.c...
compiling uart_lcd_Test.c...
compiling I2C.c...
compiling eeprom.c...
eeprom.c(3): error:  #147-D: declaration is incompatible with "void data_send(unsigned char, unsigned char, unsigned char)" (declared at line 15 of "header.h")
eeprom.c(12): error:  #147-D: declaration is incompatible with "unsigned char data_read(unsigned char, unsigned char)" (declared at line 16 of "header.h")
eeprom.c(23): warning:  #1-D: last line of file ends without a newline
Target not created
Rebuild target 'Target 1'
assembling Startup.s...
compiling main.c...
compiling uart_lcd_Test.c...
compiling I2C.c...
compiling eeprom.c...
eeprom.c(23): warning:  #1-D: last line of file ends without a newline
linking...
Program Size: Code=1340 RO-data=16 RW-data=0 ZI-data=1256  
FromELF: creating hex file...
"mini_.axf" - 0 Error(s), 1 Warning(s).
Rebuild target 'Target 1'
assembling Startup.s...
compiling main.c...
compiling uart_lcd_Test.c...
compiling I2C.c...
compiling eeprom.c...
linking...
Program Size: Code=1340 RO-data=16 RW-data=0 ZI-data=1256  
FromELF: creating hex file...
"mini_.axf" - 0 Error(s), 0 Warning(s).
Rebuild target 'Target 1'
assembling Startup.s...
compiling main.c...
compiling uart_lcd_Test.c...
compiling I2C.c...
compiling eeprom.c...
linking...
Program Size: Code=1356 RO-data=16 RW-data=0 ZI-data=1256  
FromELF: creating hex file...
"mini_.axf" - 0 Error(s), 0 Warning(s).
Rebuild target 'Target 1'
assembling Startup.s...
compiling main.c...
compiling uart_lcd_Test.c...
compiling I2C.c...
compiling eeprom.c...
linking...
Program Size: Code=1356 RO-data=16 RW-data=0 ZI-data=1256  
FromELF: creating hex file...
"mini_.axf" - 0 Error(s), 0 Warning(s).
Rebuild target 'Target 1'
assembling Startup.s...
compiling main.c...
compiling uart_lcd_Test.c...
compiling I2C.c...
compiling eeprom.c...
linking...
Program Size: Code=1356 RO-data=16 RW-data=0 ZI-data=1256  
FromELF: creating hex file...
"mini_.axf" - 0 Error(s), 0 Warning(s).
Rebuild target 'Target 1'
assembling Startup.s...
compiling main.c...
compiling uart_lcd_Test.c...
compiling I2C.c...
compiling eeprom.c...
linking...
Program Size: Code=1368 RO-data=16 RW-data=0 ZI-data=1256  
FromELF: creating hex file...
"mini_.axf" - 0 Error(s), 0 Warning(s).
Rebuild target 'Target 1'
assembling Startup.s...
compiling main.c...
main.c(11): warning:  #174-D: expression has no effect
main.c(12): error:  #65: expected a ";"
compiling uart_lcd_Test.c...
uart_lcd_Test.c(44): error:  #167: argument of type "unsigned char *" is incompatible with parameter of type "unsigned char"
compiling I2C.c...
compiling eeprom.c...
Target not created
Rebuild target 'Target 1'
assembling Startup.s...
compiling main.c...
header.h(5): error:  #141-D: unnamed prototyped parameters not allowed when body is present
header.h(8): error:  #130: expected a "{"
main.c(5): warning:  #12-D: parsing restarts here after previous syntax error
main.c(7): warning:  #223-D: function "i2c_init" declared implicitly
main.c(11): warning:  #174-D: expression has no effect
main.c(12): error:  #65: expected a ";"
compiling uart_lcd_Test.c...
header.h(5): error:  #141-D: unnamed prototyped parameters not allowed when body is present
header.h(8): error:  #130: expected a "{"
uart_lcd_Test.c(9): warning:  #12-D: parsing restarts here after previous syntax error
uart_lcd_Test.c(13): error:  #20: identifier "ms" is undefined
uart_lcd_Test.c(40): error:  #247: function "string_display" has already been defined
uart_lcd_Test.c(44): error:  #167: argument of type "unsigned char *" is incompatible with parameter of type "unsigned char"
compiling I2C.c...
header.h(5): error:  #141-D: unnamed prototyped parameters not allowed when body is present
header.h(8): error:  #130: expected a "{"
I2C.c(4): warning:  #12-D: parsing restarts here after previous syntax error
I2C.c(5): error:  #20: identifier "data" is undefined
compiling eeprom.c...
header.h(5): error:  #141-D: unnamed prototyped parameters not allowed when body is present
header.h(8): error:  #130: expected a "{"
eeprom.c(4): warning:  #12-D: parsing restarts here after previous syntax error
eeprom.c(5): warning:  #223-D: function "i2c_start" declared implicitly
eeprom.c(6): warning:  #223-D: function "i2c_write" declared implicitly
eeprom.c(6): error:  #20: identifier "slave_add" is undefined
eeprom.c(7): error:  #20: identifier "word_add" is undefined
eeprom.c(8): error:  #20: identifier "data" is undefined
eeprom.c(9): warning:  #223-D: function "i2c_stop" declared implicitly
eeprom.c(15): warning:  #223-D: function "i2c_start" declared implicitly
eeprom.c(16): warning:  #223-D: function "i2c_write" declared implicitly
eeprom.c(18): warning:  #223-D: function "i2c_restart" declared implicitly
eeprom.c(20): warning:  #223-D: function "i2c_noack" declared implicitly
eeprom.c(21): warning:  #223-D: function "i2c_stop" declared implicitly
Target not created
Rebuild target 'Target 1'
assembling Startup.s...
compiling main.c...
main.c(11): warning:  #174-D: expression has no effect
main.c(12): error:  #65: expected a ";"
compiling uart_lcd_Test.c...
uart_lcd_Test.c(44): error:  #167: argument of type "unsigned char *" is incompatible with parameter of type "unsigned char"
compiling I2C.c...
compiling eeprom.c...
Target not created
Rebuild target 'Target 1'
assembling Startup.s...
compiling main.c...
compiling uart_lcd_Test.c...
uart_lcd_Test.c(44): error:  #167: argument of type "unsigned char *" is incompatible with parameter of type "unsigned char"
compiling I2C.c...
compiling eeprom.c...
Target not created
Rebuild target 'Target 1'
assembling Startup.s...
compiling main.c...
compiling uart_lcd_Test.c...
uart_lcd_Test.c(40): error:  #18: expected a ")"
uart_lcd_Test.c(40): error:  #147-D: declaration is incompatible with "void string_display(unsigned char *)" (declared at line 5 of "header.h")
uart_lcd_Test.c(40): error:  #141-D: unnamed prototyped parameters not allowed when body is present
uart_lcd_Test.c(42): error:  #20: identifier "data" is undefined
compiling I2C.c...
compiling eeprom.c...
Target not created
Rebuild target 'Target 1'
assembling Startup.s...
compiling main.c...
compiling uart_lcd_Test.c...
uart_lcd_Test.c(44): error:  #167: argument of type "unsigned char *" is incompatible with parameter of type "unsigned char"
compiling I2C.c...
compiling eeprom.c...
Target not created
Rebuild target 'Target 1'
assembling Startup.s...
compiling main.c...
compiling uart_lcd_Test.c...
compiling I2C.c...
compiling eeprom.c...
linking...
Program Size: Code=1428 RO-data=16 RW-data=0 ZI-data=1256  
FromELF: creating hex file...
"mini_.axf" - 0 Error(s), 0 Warning(s).
Rebuild target 'Target 1'
assembling Startup.s...
compiling main.c...
compiling uart_lcd_Test.c...
compiling I2C.c...
compiling eeprom.c...
linking...
Program Size: Code=1428 RO-data=16 RW-data=0 ZI-data=1256  
FromELF: creating hex file...
"mini_.axf" - 0 Error(s), 0 Warning(s).
Rebuild target 'Target 1'
assembling Startup.s...
compiling main.c...
main.c(13): error:  #18: expected a ")"
main.c(16): error:  #127: expected a statement
main.c(20): warning:  #12-D: parsing restarts here after previous syntax error
main.c(22): error: At end of source:  #67: expected a "}"
compiling uart_lcd_Test.c...
compiling I2C.c...
compiling eeprom.c...
Target not created
Rebuild target 'Target 1'
assembling Startup.s...
compiling main.c...
main.c(8): error:  #29: expected an expression
main.c(13): error:  #18: expected a ")"
compiling uart_lcd_Test.c...
compiling I2C.c...
compiling eeprom.c...
Target not created
Rebuild target 'Target 1'
assembling Startup.s...
compiling main.c...
main.c(8): error:  #29: expected an expression
main.c(13): error:  #18: expected a ")"
compiling uart_lcd_Test.c...
compiling I2C.c...
compiling eeprom.c...
Target not created
Rebuild target 'Target 1'
assembling Startup.s...
compiling main.c...
main.c(8): error:  #29: expected an expression
main.c(13): error:  #18: expected a ")"
compiling uart_lcd_Test.c...
compiling I2C.c...
compiling eeprom.c...
Target not created
Rebuild target 'Target 1'
assembling Startup.s...
compiling main.c...
main.c(8): error:  #29: expected an expression
main.c(13): error:  #18: expected a ")"
compiling uart_lcd_Test.c...
compiling I2C.c...
compiling eeprom.c...
Target not created
Rebuild target 'Target 1'
assembling Startup.s...
compiling main.c...
main.c(8): error:  #29: expected an expression
main.c(13): error:  #18: expected a ")"
compiling uart_lcd_Test.c...
compiling I2C.c...
compiling eeprom.c...
Target not created
Rebuild target 'Target 1'
assembling Startup.s...
compiling main.c...
compiling uart_lcd_Test.c...
compiling I2C.c...
compiling eeprom.c...
linking...
Program Size: Code=1428 RO-data=16 RW-data=0 ZI-data=1256  
FromELF: creating hex file...
"mini_.axf" - 0 Error(s), 0 Warning(s).
Rebuild target 'Target 1'
assembling Startup.s...
compiling main.c...
main.c(13): error:  #20: identifier "true" is undefined
compiling uart_lcd_Test.c...
compiling I2C.c...
compiling eeprom.c...
Target not created
Rebuild target 'Target 1'
assembling Startup.s...
compiling main.c...
main.c(13): error:  #20: identifier "TRUE" is undefined
compiling uart_lcd_Test.c...
compiling I2C.c...
compiling eeprom.c...
Target not created
Rebuild target 'Target 1'
assembling Startup.s...
compiling main.c...
compiling uart_lcd_Test.c...
compiling I2C.c...
compiling eeprom.c...
linking...
Program Size: Code=1428 RO-data=16 RW-data=0 ZI-data=1256  
FromELF: creating hex file...
"mini_.axf" - 0 Error(s), 0 Warning(s).
Rebuild target 'Target 1'
assembling Startup.s...
compiling main.c...
compiling uart_lcd_Test.c...
compiling I2C.c...
compiling eeprom.c...
linking...
Program Size: Code=1428 RO-data=16 RW-data=0 ZI-data=1256  
FromELF: creating hex file...
"mini_.axf" - 0 Error(s), 0 Warning(s).
Build target 'Target 1'
compiling main.c...
linking...
Program Size: Code=1448 RO-data=16 RW-data=0 ZI-data=1256  
FromELF: creating hex file...
"mini_.axf" - 0 Error(s), 0 Warning(s).
Rebuild target 'Target 1'
assembling Startup.s...
compiling main.c...
compiling uart_lcd_Test.c...
compiling I2C.c...
compiling eeprom.c...
linking...
Program Size: Code=1448 RO-data=16 RW-data=0 ZI-data=1256  
FromELF: creating hex file...
"mini_.axf" - 0 Error(s), 0 Warning(s).
Rebuild target 'Target 1'
assembling Startup.s...
compiling main.c...
compiling uart_lcd_Test.c...
compiling I2C.c...
compiling eeprom.c...
linking...
Program Size: Code=1448 RO-data=16 RW-data=0 ZI-data=1256  
FromELF: creating hex file...
"mini_.axf" - 0 Error(s), 0 Warning(s).
Rebuild target 'Target 1'
assembling Startup.s...
compiling main.c...
main.c(12): error:  #20: identifier "VICVecSelect" is undefined
compiling uart_lcd_Test.c...
compiling I2C.c...
compiling eeprom.c...
Target not created
Rebuild target 'Target 1'
assembling Startup.s...
compiling main.c...
main.c(12): error:  #20: identifier "VICVecSelect" is undefined
compiling uart_lcd_Test.c...
compiling I2C.c...
compiling eeprom.c...
Target not created
Rebuild target 'Target 1'
assembling Startup.s...
compiling main.c...
compiling uart_lcd_Test.c...
compiling I2C.c...
compiling eeprom.c...
linking...
Program Size: Code=1516 RO-data=16 RW-data=0 ZI-data=1256  
FromELF: creating hex file...
"mini_.axf" - 0 Error(s), 0 Warning(s).
Rebuild target 'Target 1'
assembling Startup.s...
compiling main.c...
compiling uart_lcd_Test.c...
compiling I2C.c...
compiling eeprom.c...
linking...
Program Size: Code=1532 RO-data=16 RW-data=0 ZI-data=1256  
FromELF: creating hex file...
"mini_.axf" - 0 Error(s), 0 Warning(s).
Rebuild target 'Target 1'
assembling Startup.s...
compiling main.c...
compiling uart_lcd_Test.c...
compiling I2C.c...
compiling eeprom.c...
linking...
Program Size: Code=1532 RO-data=16 RW-data=0 ZI-data=1256  
FromELF: creating hex file...
"mini_.axf" - 0 Error(s), 0 Warning(s).
